=== start B2 Fri Sep 18 09:05:44 UTC 2026
=== end B2 Fri Sep 18 11:08:21 UTC 2026 exit 0
=== start T1 Fri Sep 18 11:08:21 UTC 2026
=== end T1 Fri Sep 18 14:58:31 UTC 2026 exit 0
=== start D1 Fri Sep 18 14:58:31 UTC 2026
=== end D1 Fri Sep 18 16:03:12 UTC 2026 exit 0
=== start D2 Fri Sep 18 16:03:37 UTC 2026
=== end D2 Fri Sep 18 16:13:45 UTC 2026 exit 0
=== start N2 Fri Sep 18 16:13:45 UTC 2026
=== end N2 Fri Sep 18 16:19:20 UTC 2026 exit 0
=== start M1 Fri Sep 18 16:19:20 UTC 2026
=== end M1 Fri Sep 18 16:22:00 UTC 2026 exit 0
=== start N1 Fri Sep 18 16:22:20 UTC 2026
=== start M1 (rerun) Fri Sep 18 16:22:53 UTC 2026
=== end M1 rerun Fri Sep 18 16:24:49 UTC 2026 exit 0
=== end N1 Fri Sep 18 16:24:49 UTC 2026 exit 0
=== start B1b Fri Sep 18 16:25:45 UTC 2026
=== end B1b Fri Sep 18 17:11:40 UTC 2026 exit 0
=== start B2b Fri Sep 18 17:11:40 UTC 2026
=== end B2b Fri Sep 18 17:55:42 UTC 2026 exit 0
=== start S1b Fri Sep 18 17:55:42 UTC 2026
=== end S1b Fri Sep 18 18:09:03 UTC 2026 exit 0
=== start D1b Fri Sep 18 18:09:07 UTC 2026
=== end D1b Fri Sep 18 18:35:35 UTC 2026 exit 0
=== start N2 (rerun) Fri Sep 18 18:36:18 UTC 2026
=== end N2 Fri Sep 18 18:41:46 UTC 2026 exit 0
=== start M1 (rerun2) Fri Sep 18 18:41:58 UTC 2026
=== end M1 rerun2 Fri Sep 18 20:05:44 UTC 2026 exit 0
=== start N1 (rerun2) Fri Sep 18 20:05:44 UTC 2026
=== end N1 rerun2 Fri Sep 18 20:29:52 UTC 2026 exit 0
=== start N2 (rerun3) Fri Sep 18 20:30:43 UTC 2026
=== end N2 rerun3 Fri Sep 18 21:27:02 UTC 2026 exit 0
=== start R1 Fri Sep 18 21:27:31 UTC 2026
=== end R1 Fri Sep 18 22:18:04 UTC 2026 exit 0
=== start N2 (rerun4) Fri Sep 18 22:18:44 UTC 2026
=== end N2 rerun4 Fri Sep 18 23:39:40 UTC 2026 exit 0
=== start BG1 Sat Sep 19 09:21:44 UTC 2026
=== end BG1 Sat Sep 19 10:11:06 UTC 2026 exit 0
=== start MB2 Sat Sep 19 10:11:57 UTC 2026
=== end MB2 Sat Sep 19 11:07:20 UTC 2026 exit 0
=== start FO1 Sat Sep 19 11:07:43 UTC 2026
=== end FO1 Sat Sep 19 11:55:13 UTC 2026 exit 0
